2024-06-29 21:52:58,611 [INFO] Activator:176 - 


2024-06-29 21:52:58,646 [INFO] Activator:177 - !SESSION log4j initialized
2024-06-29 21:53:03,737 [INFO] LogOutputStream:77 - [STDOUT_REDIRECT] 
2024-06-29 21:53:05,030 [INFO] ApplicationProperties:184 - Using Application install path: C:\ST\STM32CubeIDE_1.15.1\STM32CubeIDE\plugins\com.st.stm32cube.common.mx_6.11.1.202404110753
2024-06-29 21:53:05,046 [INFO] DbMcusXml:78 - Set database path to: C:\ST\STM32CubeIDE_1.15.1\STM32CubeIDE\plugins\com.st.stm32cube.common.mx_6.11.1.202404110753\\db\/mcu/
2024-06-29 21:53:05,046 [INFO] ApiDb:274 - Set plugin database path to: C:\ST\STM32CubeIDE_1.15.1\STM32CubeIDE\plugins\com.st.stm32cube.common.mx_6.11.1.202404110753\\db\/plugins/boardmanager/
2024-06-29 21:53:05,049 [WARN] ApiDb:259 - Overriding images path with different value:  => C:\ST\STM32CubeIDE_1.15.1\STM32CubeIDE\plugins\com.st.stm32cube.common.mx_6.11.1.202404110753\\db\/plugins/mcufinder/images/
2024-06-29 21:53:05,059 [INFO] ApiDb:250 - Set database path to: C:\Users\vishn\.stmcufinder\plugins\mcufinder//mcu/
2024-06-29 21:53:05,060 [INFO] DbMcusAds:125 - Set database path to: C:\Users\vishn\.stmcufinder\plugins\mcufinder//mcu/
2024-06-29 21:53:05,061 [INFO] CrossReferenceDbSqlite:203 - Set database path to: C:\Users\vishn\.stmcufinder\plugins\mcufinder//mcu/cs/
2024-06-29 21:53:05,153 [INFO] RulesReader:64 - Compatibility file has been processed (297 Rules)
2024-06-29 21:53:05,246 [INFO] DbMcusXml:78 - Set database path to: C:\ST\STM32CubeIDE_1.15.1\STM32CubeIDE\plugins\com.st.stm32cube.common.mx_6.11.1.202404110753\\db\/mcu/
2024-06-29 21:53:05,246 [INFO] ApiDb:274 - Set plugin database path to: C:\ST\STM32CubeIDE_1.15.1\STM32CubeIDE\plugins\com.st.stm32cube.common.mx_6.11.1.202404110753\\db\/plugins/boardmanager/
2024-06-29 21:53:05,246 [INFO] ApiDb:261 - Set plugin images path to: C:\ST\STM32CubeIDE_1.15.1\STM32CubeIDE\plugins\com.st.stm32cube.common.mx_6.11.1.202404110753\\db\/plugins/mcufinder/images/
2024-06-29 21:53:05,247 [WARN] DbFile:41 - Overriding database path with different value: C:\Users\vishn\.stmcufinder\plugins\mcufinder/ => C:\Users\vishn\.stmcufinder\plugins\mcufinder
2024-06-29 21:53:05,247 [INFO] ApiDb:250 - Set database path to: C:\Users\vishn\.stmcufinder\plugins\mcufinder//mcu/
2024-06-29 21:53:05,247 [WARN] DbFile:41 - Overriding database path with different value: C:\Users\vishn\.stmcufinder\plugins\mcufinder/ => C:\Users\vishn\.stmcufinder\plugins\mcufinder
2024-06-29 21:53:05,247 [INFO] DbMcusAds:125 - Set database path to: C:\Users\vishn\.stmcufinder\plugins\mcufinder//mcu/
2024-06-29 21:53:05,247 [WARN] DbFile:41 - Overriding database path with different value: C:\Users\vishn\.stmcufinder\plugins\mcufinder/ => C:\Users\vishn\.stmcufinder\plugins\mcufinder
2024-06-29 21:53:05,247 [WARN] DbFile:41 - Overriding database path with different value: C:\Users\vishn\.stmcufinder\plugins\mcufinder/ => C:\Users\vishn\.stmcufinder\plugins\mcufinder
2024-06-29 21:53:05,247 [INFO] CrossReferenceDbSqlite:203 - Set database path to: C:\Users\vishn\.stmcufinder\plugins\mcufinder//mcu/cs/
2024-06-29 21:53:05,329 [INFO] MainPanel:264 - HeapMemory: 268435456
2024-06-29 21:53:05,439 [INFO] DbMcusXml:78 - Set database path to: C:\ST\STM32CubeIDE_1.15.1\STM32CubeIDE\plugins\com.st.stm32cube.common.mx_6.11.1.202404110753\\db\/mcu/
2024-06-29 21:53:05,439 [INFO] ApiDb:274 - Set plugin database path to: C:\ST\STM32CubeIDE_1.15.1\STM32CubeIDE\plugins\com.st.stm32cube.common.mx_6.11.1.202404110753\\db\/plugins/boardmanager/
2024-06-29 21:53:05,439 [INFO] ApiDb:261 - Set plugin images path to: C:\ST\STM32CubeIDE_1.15.1\STM32CubeIDE\plugins\com.st.stm32cube.common.mx_6.11.1.202404110753\\db\/plugins/mcufinder/images/
2024-06-29 21:53:05,439 [WARN] DbFile:41 - Overriding database path with different value: C:\Users\vishn\.stmcufinder\plugins\mcufinder/ => C:\Users\vishn\.stmcufinder\plugins\mcufinder
2024-06-29 21:53:05,439 [INFO] ApiDb:250 - Set database path to: C:\Users\vishn\.stmcufinder\plugins\mcufinder//mcu/
2024-06-29 21:53:05,440 [WARN] DbFile:41 - Overriding database path with different value: C:\Users\vishn\.stmcufinder\plugins\mcufinder/ => C:\Users\vishn\.stmcufinder\plugins\mcufinder
2024-06-29 21:53:05,440 [INFO] DbMcusAds:125 - Set database path to: C:\Users\vishn\.stmcufinder\plugins\mcufinder//mcu/
2024-06-29 21:53:05,440 [WARN] DbFile:41 - Overriding database path with different value: C:\Users\vishn\.stmcufinder\plugins\mcufinder/ => C:\Users\vishn\.stmcufinder\plugins\mcufinder
2024-06-29 21:53:05,440 [WARN] DbFile:41 - Overriding database path with different value: C:\Users\vishn\.stmcufinder\plugins\mcufinder/ => C:\Users\vishn\.stmcufinder\plugins\mcufinder
2024-06-29 21:53:05,440 [INFO] CrossReferenceDbSqlite:203 - Set database path to: C:\Users\vishn\.stmcufinder\plugins\mcufinder//mcu/cs/
2024-06-29 21:53:05,459 [INFO] ApplicationProperties:184 - Using Application install path: C:\ST\STM32CubeIDE_1.15.1\STM32CubeIDE\plugins\com.st.stm32cube.common.mx_6.11.1.202404110753
2024-06-29 21:53:05,461 [INFO] PluginManage:196 - Search for loadable plugins [exclusion list=, ]
2024-06-29 21:53:05,462 [INFO] PluginManage:310 - Check plugin analytics
2024-06-29 21:53:05,603 [INFO] AnalyticsPlugin:253 - Accepted Software Licenses: 
2024-06-29 21:53:05,603 [INFO] AnalyticsPlugin:255 - Accepted CMSIS Pack Licenses: 
2024-06-29 21:53:05,603 [INFO] AnalyticsPlugin:257 - Accepted Firmware Licenses: 
2024-06-29 21:53:05,606 [INFO] PluginManage:359 - Loaded plugin analytics (category:tool,tabindex:-1)
2024-06-29 21:53:05,607 [INFO] PluginManage:310 - Check plugin cadmodel
2024-06-29 21:53:05,638 [INFO] CADModel:105 - Init CAD model plugin
2024-06-29 21:53:05,639 [INFO] PluginManage:359 - Loaded plugin cadmodel (category:power,tabindex:5)
2024-06-29 21:53:05,639 [INFO] PluginManage:310 - Check plugin clock
2024-06-29 21:53:05,698 [INFO] PluginManage:359 - Loaded plugin clock (category:base,tabindex:2)
2024-06-29 21:53:05,698 [INFO] PluginManage:310 - Check plugin ddr
2024-06-29 21:53:05,701 [INFO] PluginManage:359 - Loaded plugin ddr (category:tool,tabindex:6)
2024-06-29 21:53:05,701 [INFO] PluginManage:310 - Check plugin filemanager
2024-06-29 21:53:05,815 [INFO] PluginManage:359 - Loaded plugin filemanager (category:base,tabindex:10)
2024-06-29 21:53:05,815 [INFO] PluginManage:310 - Check plugin ipmanager
2024-06-29 21:53:05,823 [INFO] PluginManage:359 - Loaded plugin ipmanager (category:base,tabindex:5)
2024-06-29 21:53:05,824 [INFO] PluginManage:310 - Check plugin lpbam
2024-06-29 21:53:05,852 [INFO] PluginManage:359 - Loaded plugin lpbam (category:base,tabindex:0)
2024-06-29 21:53:05,852 [INFO] PluginManage:310 - Check plugin memorymap
2024-06-29 21:53:05,883 [INFO] PluginManage:359 - Loaded plugin memorymap (category:base,tabindex:4)
2024-06-29 21:53:05,883 [INFO] PluginManage:310 - Check plugin pinoutandconfiguration
2024-06-29 21:53:05,920 [INFO] PluginManage:359 - Loaded plugin pinoutandconfiguration (category:base,tabindex:1)
2024-06-29 21:53:05,920 [INFO] PluginManage:310 - Check plugin pinoutconfig
2024-06-29 21:53:06,035 [WARN] SupportedApi:132 - Cannot load RTOS API schema: s4s-elt-must-match.1: The content of 'definitions' must match (annotation?, (simpleType | complexType)?, (unique | key | keyref)*)). A problem was found starting at: attribute.
2024-06-29 21:53:06,248 [INFO] PluginManage:359 - Loaded plugin pinoutconfig (category:base,tabindex:0)
2024-06-29 21:53:06,248 [INFO] PluginManage:310 - Check plugin power
2024-06-29 21:53:06,286 [INFO] PluginManage:359 - Loaded plugin power (category:power,tabindex:4)
2024-06-29 21:53:06,287 [INFO] PluginManage:310 - Check plugin projectmanager
2024-06-29 21:53:06,302 [INFO] PluginManage:359 - Loaded plugin projectmanager (category:projectmanager,tabindex:3)
2024-06-29 21:53:06,303 [INFO] PluginManage:310 - Check plugin thirdparty
2024-06-29 21:53:06,459 [WARN] IntegrityCheckThread:84 - waiting for thirdparty lock release [integrity check]
2024-06-29 21:53:06,459 [INFO] PluginManage:359 - Loaded plugin thirdparty (category:base,tabindex:-1)
2024-06-29 21:53:06,459 [INFO] IntegrityCheckThread:86 - entering critical section [integrity check]
2024-06-29 21:53:06,459 [INFO] PluginManage:310 - Check plugin tools
2024-06-29 21:53:06,460 [INFO] ThirdPartyUpdaterWithRetryManager:70 - Updater plugin not ready yet. [1/15]
2024-06-29 21:53:06,465 [INFO] PluginManage:359 - Loaded plugin tools (category:base,tabindex:7)
2024-06-29 21:53:06,465 [INFO] PluginManage:310 - Check plugin tutovideos
2024-06-29 21:53:06,674 [INFO] PluginManage:359 - Loaded plugin tutovideos (category:base,tabindex:-1)
2024-06-29 21:53:06,674 [INFO] PluginManage:310 - Check plugin updater
2024-06-29 21:53:06,684 [INFO] PluginManage:359 - Loaded plugin updater (category:base,tabindex:12)
2024-06-29 21:53:06,685 [INFO] PluginManage:310 - Check plugin userauth
2024-06-29 21:53:06,690 [INFO] UserAuth:114 - Init User Auth plugin
2024-06-29 21:53:06,690 [INFO] PluginManage:359 - Loaded plugin userauth (category:base,tabindex:14)
2024-06-29 21:53:06,690 [INFO] PluginManage:283 - PluginManage : Loaded plugins [17]
2024-06-29 21:53:06,916 [INFO] PinOutPanel:1561 - setPackage(No Configuration,No Configuration)
2024-06-29 21:53:07,003 [INFO] CADModel:165 - CPN selected for project level
2024-06-29 21:53:07,003 [INFO] CADModel:114 - Register for checkConnection events
2024-06-29 21:53:07,027 [INFO] IPUIPlugin:80 - create IPUIPlugin
2024-06-29 21:53:07,027 [INFO] PluginManager:220 - loadIPPluginJar : add adc
2024-06-29 21:53:07,033 [INFO] IPUIPlugin:80 - create IPUIPlugin
2024-06-29 21:53:07,033 [INFO] PluginManager:220 - loadIPPluginJar : add aes
2024-06-29 21:53:07,040 [INFO] IPUIPlugin:80 - create IPUIPlugin
2024-06-29 21:53:07,040 [INFO] PluginManager:220 - loadIPPluginJar : add can
2024-06-29 21:53:07,044 [INFO] IPUIPlugin:80 - create IPUIPlugin
2024-06-29 21:53:07,045 [INFO] PluginManager:220 - loadIPPluginJar : add comp
2024-06-29 21:53:07,050 [INFO] IPUIPlugin:80 - create IPUIPlugin
2024-06-29 21:53:07,050 [INFO] PluginManager:220 - loadIPPluginJar : add cryp
2024-06-29 21:53:07,056 [INFO] IPUIPlugin:80 - create IPUIPlugin
2024-06-29 21:53:07,057 [INFO] PluginManager:220 - loadIPPluginJar : add dfsdm
2024-06-29 21:53:07,070 [INFO] IPUIPlugin:80 - create IPUIPlugin
2024-06-29 21:53:07,071 [INFO] PluginManager:220 - loadIPPluginJar : add dma
2024-06-29 21:53:07,077 [INFO] IPUIPlugin:80 - create IPUIPlugin
2024-06-29 21:53:07,077 [INFO] PluginManager:220 - loadIPPluginJar : add dma3
2024-06-29 21:53:07,084 [INFO] IPUIPlugin:80 - create IPUIPlugin
2024-06-29 21:53:07,085 [INFO] PluginManager:220 - loadIPPluginJar : add extmemmanager
2024-06-29 21:53:07,089 [INFO] IPUIPlugin:80 - create IPUIPlugin
2024-06-29 21:53:07,089 [INFO] PluginManager:220 - loadIPPluginJar : add fatfs
2024-06-29 21:53:07,098 [INFO] IPUIPlugin:80 - create IPUIPlugin
2024-06-29 21:53:07,098 [INFO] PluginManager:220 - loadIPPluginJar : add fmc
2024-06-29 21:53:07,130 [INFO] IPUIPlugin:80 - create IPUIPlugin
2024-06-29 21:53:07,131 [INFO] PluginManager:220 - loadIPPluginJar : add freertos
2024-06-29 21:53:07,135 [INFO] IPUIPlugin:80 - create IPUIPlugin
2024-06-29 21:53:07,135 [INFO] PluginManager:220 - loadIPPluginJar : add genericplugin
2024-06-29 21:53:07,144 [INFO] IPUIPlugin:80 - create IPUIPlugin
2024-06-29 21:53:07,144 [INFO] PluginManager:220 - loadIPPluginJar : add gfxmmu
2024-06-29 21:53:07,156 [INFO] IPUIPlugin:80 - create IPUIPlugin
2024-06-29 21:53:07,157 [INFO] PluginManager:220 - loadIPPluginJar : add gic
2024-06-29 21:53:07,176 [INFO] IPUIPlugin:80 - create IPUIPlugin
2024-06-29 21:53:07,176 [INFO] PluginManager:220 - loadIPPluginJar : add gpio
2024-06-29 21:53:07,185 [INFO] IPUIPlugin:80 - create IPUIPlugin
2024-06-29 21:53:07,185 [INFO] PluginManager:220 - loadIPPluginJar : add gtzc
2024-06-29 21:53:07,191 [INFO] IPUIPlugin:80 - create IPUIPlugin
2024-06-29 21:53:07,191 [INFO] PluginManager:220 - loadIPPluginJar : add hash
2024-06-29 21:53:07,198 [INFO] IPUIPlugin:80 - create IPUIPlugin
2024-06-29 21:53:07,198 [INFO] PluginManager:220 - loadIPPluginJar : add i2c
2024-06-29 21:53:07,205 [INFO] IPUIPlugin:80 - create IPUIPlugin
2024-06-29 21:53:07,205 [INFO] PluginManager:220 - loadIPPluginJar : add i2s
2024-06-29 21:53:07,212 [INFO] IPUIPlugin:80 - create IPUIPlugin
2024-06-29 21:53:07,212 [INFO] PluginManager:220 - loadIPPluginJar : add i3c
2024-06-29 21:53:07,221 [INFO] IPUIPlugin:80 - create IPUIPlugin
2024-06-29 21:53:07,221 [INFO] PluginManager:220 - loadIPPluginJar : add ipddr
2024-06-29 21:53:07,233 [INFO] IPUIPlugin:80 - create IPUIPlugin
2024-06-29 21:53:07,233 [INFO] PluginManager:220 - loadIPPluginJar : add linkedlist
2024-06-29 21:53:07,239 [INFO] IPUIPlugin:80 - create IPUIPlugin
2024-06-29 21:53:07,239 [INFO] PluginManager:220 - loadIPPluginJar : add lorawan
2024-06-29 21:53:07,244 [INFO] IPUIPlugin:80 - create IPUIPlugin
2024-06-29 21:53:07,245 [INFO] PluginManager:220 - loadIPPluginJar : add ltdc
2024-06-29 21:53:07,262 [INFO] IPUIPlugin:80 - create IPUIPlugin
2024-06-29 21:53:07,262 [INFO] PluginManager:220 - loadIPPluginJar : add mdma
2024-06-29 21:53:07,279 [INFO] IPUIPlugin:80 - create IPUIPlugin
2024-06-29 21:53:07,280 [INFO] PluginManager:220 - loadIPPluginJar : add nvic
2024-06-29 21:53:07,286 [INFO] IPUIPlugin:80 - create IPUIPlugin
2024-06-29 21:53:07,286 [INFO] PluginManager:220 - loadIPPluginJar : add opamp
2024-06-29 21:53:07,294 [INFO] IPUIPlugin:80 - create IPUIPlugin
2024-06-29 21:53:07,294 [INFO] PluginManager:220 - loadIPPluginJar : add openamp
2024-06-29 21:53:07,301 [INFO] IPUIPlugin:80 - create IPUIPlugin
2024-06-29 21:53:07,301 [INFO] PluginManager:220 - loadIPPluginJar : add pdm2pcm
2024-06-29 21:53:07,318 [INFO] IPUIPlugin:80 - create IPUIPlugin
2024-06-29 21:53:07,320 [INFO] PluginManager:220 - loadIPPluginJar : add plateformsettings
2024-06-29 21:53:07,325 [INFO] IPUIPlugin:80 - create IPUIPlugin
2024-06-29 21:53:07,325 [INFO] PluginManager:220 - loadIPPluginJar : add quadspi
2024-06-29 21:53:07,361 [INFO] IPUIPlugin:80 - create IPUIPlugin
2024-06-29 21:53:07,361 [INFO] PluginManager:220 - loadIPPluginJar : add resmgrutility
2024-06-29 21:53:07,368 [INFO] IPUIPlugin:80 - create IPUIPlugin
2024-06-29 21:53:07,368 [INFO] PluginManager:220 - loadIPPluginJar : add sai
2024-06-29 21:53:07,374 [INFO] IPUIPlugin:80 - create IPUIPlugin
2024-06-29 21:53:07,375 [INFO] PluginManager:220 - loadIPPluginJar : add spi
2024-06-29 21:53:07,385 [INFO] IPUIPlugin:80 - create IPUIPlugin
2024-06-29 21:53:07,414 [INFO] PluginManager:220 - loadIPPluginJar : add stm32_wpan
2024-06-29 21:53:07,419 [INFO] IPUIPlugin:80 - create IPUIPlugin
2024-06-29 21:53:07,419 [INFO] PluginManager:220 - loadIPPluginJar : add tim
2024-06-29 21:53:07,428 [INFO] IPUIPlugin:80 - create IPUIPlugin
2024-06-29 21:53:07,428 [INFO] PluginManager:220 - loadIPPluginJar : add touchsensing
2024-06-29 21:53:07,434 [INFO] IPUIPlugin:80 - create IPUIPlugin
2024-06-29 21:53:07,434 [INFO] PluginManager:220 - loadIPPluginJar : add tracer_emb
2024-06-29 21:53:07,439 [INFO] IPUIPlugin:80 - create IPUIPlugin
2024-06-29 21:53:07,439 [INFO] PluginManager:220 - loadIPPluginJar : add ts
2024-06-29 21:53:07,444 [INFO] IPUIPlugin:80 - create IPUIPlugin
2024-06-29 21:53:07,444 [INFO] PluginManager:220 - loadIPPluginJar : add tsc
2024-06-29 21:53:07,448 [INFO] IPUIPlugin:80 - create IPUIPlugin
2024-06-29 21:53:07,449 [INFO] PluginManager:220 - loadIPPluginJar : add ucpd
2024-06-29 21:53:07,455 [INFO] IPUIPlugin:80 - create IPUIPlugin
2024-06-29 21:53:07,455 [INFO] PluginManager:220 - loadIPPluginJar : add usart
2024-06-29 21:53:07,462 [INFO] IPUIPlugin:80 - create IPUIPlugin
2024-06-29 21:53:07,463 [INFO] PluginManager:220 - loadIPPluginJar : add usbx
2024-06-29 21:53:07,597 [INFO] CADModel:165 - CPN selected for project level
2024-06-29 21:53:07,597 [INFO] CADModel:114 - Register for checkConnection events
2024-06-29 21:53:07,597 [FATAL] Updater:308 - Updater called before beeing initialized
2024-06-29 21:53:07,597 [ERROR] CADModel:125 - Updater not yet initialized, retry later 
2024-06-29 21:53:07,735 [INFO] CADModel:165 - CPN selected for project level
2024-06-29 21:53:07,736 [INFO] CADModel:114 - Register for checkConnection events
2024-06-29 21:53:07,736 [FATAL] Updater:308 - Updater called before beeing initialized
2024-06-29 21:53:07,736 [ERROR] CADModel:125 - Updater not yet initialized, retry later 
2024-06-29 21:53:07,739 [FATAL] Updater:308 - Updater called before beeing initialized
2024-06-29 21:53:07,837 [FATAL] Updater:308 - Updater called before beeing initialized
2024-06-29 21:53:07,843 [INFO] DbMcusAds:53 - JSON generation date=Thu May 16 14:52:00 IST 2024 (1715851320852)
2024-06-29 21:53:07,843 [FATAL] Updater:308 - Updater called before beeing initialized
2024-06-29 21:53:07,881 [WARN] DetailPanel:346 - Failed to get advertising image, set to default
2024-06-29 21:53:07,963 [FATAL] Updater:308 - Updater called before beeing initialized
2024-06-29 21:53:07,966 [FATAL] Updater:308 - Updater called before beeing initialized
2024-06-29 21:53:07,966 [FATAL] Updater:308 - Updater called before beeing initialized
2024-06-29 21:53:07,966 [WARN] DetailPanel:346 - Failed to get advertising image, set to default
2024-06-29 21:53:07,967 [FATAL] Updater:308 - Updater called before beeing initialized
2024-06-29 21:53:08,011 [ERROR] Updater:1120 - MainUpdater not yet initialized. External WinMGr cannot be set.
2024-06-29 21:53:08,013 [INFO] Updater:1056 - Updater Version found : 6.11.1
2024-06-29 21:53:08,031 [INFO] ApplicationProperties:184 - Using Application install path: C:\ST\STM32CubeIDE_1.15.1\STM32CubeIDE\plugins\com.st.stm32cube.common.mx_6.11.1.202404110753
2024-06-29 21:53:09,461 [INFO] ThirdPartyUpdaterWithRetryManager:70 - Updater plugin not ready yet. [2/15]
2024-06-29 21:53:09,606 [ERROR] LogOutputStream:75 - [STDERR_REDIRECT] Jun 29, 2024 9:53:09 PM java.util.prefs.WindowsPreferences <init>
2024-06-29 21:53:09,607 [ERROR] LogOutputStream:75 - [STDERR_REDIRECT] WARNING: Could not open/create prefs root node Software\JavaSoft\Prefs at root 0xffffffff80000002. Windows RegCreateKeyEx(...) returned error code 5.
2024-06-29 21:53:09,607 [ERROR] LogOutputStream:75 - [STDERR_REDIRECT] 
2024-06-29 21:53:09,935 [INFO] MainUpdater:2873 - connection check result : 10
2024-06-29 21:53:09,936 [INFO] MainUpdater:290 - Updater Check For Update Now.
2024-06-29 21:53:09,936 [INFO] MicroXplorer:498 - Change Database Version : DB.6.0.111
2024-06-29 21:53:09,943 [INFO] McuFinderGlobals:63 - Set McuFinder mode to 2 (CubeIDE integrated)
2024-06-29 21:53:09,943 [INFO] UserAuth:179 - activating auth plugin
2024-06-29 21:53:09,946 [INFO] UserAuth:415 - Internet connection configuration mode: 1
2024-06-29 21:53:09,973 [INFO] JxBrowserEngine:152 - Initiate JxBrowser Engine with user profile folder
2024-06-29 21:53:10,116 [INFO] CheckServerUpdateThread:120 - End of CheckServer Thread
2024-06-29 21:53:11,595 [INFO] WebApp:161 - Instantiating new browser for Auth
2024-06-29 21:53:12,358 [INFO] WebApp:779 - Register for checkConnection events
2024-06-29 21:53:12,358 [INFO] WebApp:414 - Apply proxy settings
2024-06-29 21:53:12,358 [INFO] WebApp:499 - Chromium requires no authentication
2024-06-29 21:53:12,367 [INFO] WebApp:442 - Direct internet connection detected
2024-06-29 21:53:12,647 [WARN] PackLoader:240 - Cannot read IP mode file for STMicroelectronics.FP-SNS-FLIGHT1.5.0.2
2024-06-29 21:53:12,649 [INFO] WebApp:192 - Starting web application
2024-06-29 21:53:12,649 [INFO] WebApp:544 - Web application path used C:\ST\STM32CubeIDE_1.15.1\STM32CubeIDE\plugins\com.st.stm32cube.common.mx_6.11.1.202404110753\db\plugins\mcufinder\reactClient1\index.html
2024-06-29 21:53:12,662 [WARN] PackLoader:240 - Cannot read IP mode file for STMicroelectronics.X-CUBE-BLE1.7.0.0
2024-06-29 21:53:12,673 [WARN] PackLoader:240 - Cannot read IP mode file for STMicroelectronics.FP-SNS-SMARTAG2.1.2.0
2024-06-29 21:53:12,682 [WARN] PackLoader:240 - Cannot read IP mode file for STMicroelectronics.FP-ATR-SIGFOX1.3.2.0
2024-06-29 21:53:12,692 [WARN] PackLoader:240 - Cannot read IP mode file for STMicroelectronics.FP-ATR-ASTRA1.2.0.0
2024-06-29 21:53:12,693 [INFO] ThirdParty:978 - Integrity check success = true
2024-06-29 21:53:12,693 [INFO] IntegrityCheckThread:100 - exiting critical section [integrity check]
2024-06-29 21:53:12,694 [INFO] IntegrityCheckThread:103 - End integrity checks thread
2024-06-29 21:56:36,942 [ERROR] LogOutputStream:75 - [STDERR_REDIRECT] 
2024-06-29 21:56:36,943 [ERROR] LogOutputStream:75 - [STDERR_REDIRECT] 
