14:21:58 **** Incremental Build of configuration Debug for project MAIN ****
make -j12 all 
arm-none-eabi-size  MAIN.elf 
   text	   data	    bss	    dec	    hex	filename
  24936	    712	   2256	  27904	   6d00	MAIN.elf
Finished building: default.size.stdout
 
14:22:03 **** Incremental Build of configuration Debug for project MAIN ****
make -j12 all 
arm-none-eabi-size  MAIN.elf 
   text	   data	    bss	    dec	    hex	filename
  24936	    712	   2256	  27904	   6d00	MAIN.elf
Finished building: default.size.stdout
 
14:24:04 **** Incremental Build of configuration Debug for project MAIN ****
make -j12 all 
arm-none-eabi-gcc "../Src/main.c" -mcpu=cortex-m4 -std=gnu11 -g3 -DDEBUG -DSTM32 -DSTM32F407G_DISC1 -DSTM32F4 -DSTM32F407VGTx -DSTM32F407xx -DARM_MATH_CM4 -c -I../Inc -I"D:/Project/MUSCULAR ACTIVITY MONITORING SYSTEM/MUSCULAR-ACTIVITY-MONITORING-SYSTEM_STM32F4/STM32F407/MAIN/chip_header/CMSIS/Device/ST/STM32F4xx/Include" -I"D:/Project/MUSCULAR ACTIVITY MONITORING SYSTEM/MUSCULAR-ACTIVITY-MONITORING-SYSTEM_STM32F4/STM32F407/MAIN/chip_header/CMSIS/DSP/Include" -I"D:/Project/MUSCULAR ACTIVITY MONITORING SYSTEM/MUSCULAR-ACTIVITY-MONITORING-SYSTEM_STM32F4/STM32F407/MAIN/chip_header/CMSIS/Include" -I"D:/Project/MUSCULAR ACTIVITY MONITORING SYSTEM/MUSCULAR-ACTIVITY-MONITORING-SYSTEM_STM32F4/STM32F407/MAIN/chip_header/Middlewares/Third_Party/FatFs/Inc" -O0 -ffunction-sections -fdata-sections -Wall -fstack-usage -fcyclomatic-complexity -MMD -MP -MF"Src/main.d" -MT"Src/main.o" --specs=nano.specs -mfpu=fpv4-sp-d16 -mfloat-abi=hard -mthumb -o "Src/main.o"
../Src/main.c: In function 'main':
../Src/main.c:55:25: warning: implicit declaration of function 'uart2_string_write' [-Wimplicit-function-declaration]
   55 |                         uart2_string_write(buff,"\n \r");
      |                         ^~~~~~~~~~~~~~~~~~
arm-none-eabi-gcc -o "MAIN.elf" @"objects.list"   -mcpu=cortex-m4 -T"D:\Project\MUSCULAR ACTIVITY MONITORING SYSTEM\MUSCULAR-ACTIVITY-MONITORING-SYSTEM_STM32F4\STM32F407\MAIN\STM32F407VGTX_FLASH.ld" --specs=nosys.specs -Wl,-Map="MAIN.map" -Wl,--gc-sections -static --specs=nano.specs -mfpu=fpv4-sp-d16 -mfloat-abi=hard -mthumb -u _printf_float -u _scanf_float -Wl,--start-group -lc -lm -Wl,--end-group
Finished building target: MAIN.elf
 
arm-none-eabi-size  MAIN.elf 
arm-none-eabi-objdump -h -S MAIN.elf  > "MAIN.list"
   text	   data	    bss	    dec	    hex	filename
  24904	    712	   2224	  27840	   6cc0	MAIN.elf
Finished building: default.size.stdout
 
Finished building: MAIN.list
 
