20:32:41 **** Incremental Build of configuration Debug for project MAIN ****
make -j12 all 
arm-none-eabi-gcc "../Src/adc.c" -mcpu=cortex-m4 -std=gnu11 -g3 -DDEBUG -DSTM32 -DSTM32F407G_DISC1 -DSTM32F4 -DSTM32F407VGTx -DSTM32F407xx -DARM_MATH_CM4 -c -I../Inc -I"D:/Project/MUSCULAR ACTIVITY MONITORING SYSTEM/MUSCULAR-ACTIVITY-MONITORING-SYSTEM_STM32F4/STM32F407/chip_header/CMSIS/Device/ST/STM32F4xx/Include" -I"D:/Project/MUSCULAR ACTIVITY MONITORING SYSTEM/MUSCULAR-ACTIVITY-MONITORING-SYSTEM_STM32F4/STM32F407/chip_header/CMSIS/DSP/Include" -I"D:/Project/MUSCULAR ACTIVITY MONITORING SYSTEM/MUSCULAR-ACTIVITY-MONITORING-SYSTEM_STM32F4/STM32F407/chip_header/CMSIS/Include" -O0 -ffunction-sections -fdata-sections -Wall -fstack-usage -fcyclomatic-complexity -MMD -MP -MF"Src/adc.d" -MT"Src/adc.o" --specs=nano.specs -mfpu=fpv4-sp-d16 -mfloat-abi=hard -mthumb -o "Src/adc.o"
arm-none-eabi-gcc "../Src/clock.c" -mcpu=cortex-m4 -std=gnu11 -g3 -DDEBUG -DSTM32 -DSTM32F407G_DISC1 -DSTM32F4 -DSTM32F407VGTx -DSTM32F407xx -DARM_MATH_CM4 -c -I../Inc -I"D:/Project/MUSCULAR ACTIVITY MONITORING SYSTEM/MUSCULAR-ACTIVITY-MONITORING-SYSTEM_STM32F4/STM32F407/chip_header/CMSIS/Device/ST/STM32F4xx/Include" -I"D:/Project/MUSCULAR ACTIVITY MONITORING SYSTEM/MUSCULAR-ACTIVITY-MONITORING-SYSTEM_STM32F4/STM32F407/chip_header/CMSIS/DSP/Include" -I"D:/Project/MUSCULAR ACTIVITY MONITORING SYSTEM/MUSCULAR-ACTIVITY-MONITORING-SYSTEM_STM32F4/STM32F407/chip_header/CMSIS/Include" -O0 -ffunction-sections -fdata-sections -Wall -fstack-usage -fcyclomatic-complexity -MMD -MP -MF"Src/clock.d" -MT"Src/clock.o" --specs=nano.specs -mfpu=fpv4-sp-d16 -mfloat-abi=hard -mthumb -o "Src/clock.o"
arm-none-eabi-gcc "../Src/delayms.c" -mcpu=cortex-m4 -std=gnu11 -g3 -DDEBUG -DSTM32 -DSTM32F407G_DISC1 -DSTM32F4 -DSTM32F407VGTx -DSTM32F407xx -DARM_MATH_CM4 -c -I../Inc -I"D:/Project/MUSCULAR ACTIVITY MONITORING SYSTEM/MUSCULAR-ACTIVITY-MONITORING-SYSTEM_STM32F4/STM32F407/chip_header/CMSIS/Device/ST/STM32F4xx/Include" -I"D:/Project/MUSCULAR ACTIVITY MONITORING SYSTEM/MUSCULAR-ACTIVITY-MONITORING-SYSTEM_STM32F4/STM32F407/chip_header/CMSIS/DSP/Include" -I"D:/Project/MUSCULAR ACTIVITY MONITORING SYSTEM/MUSCULAR-ACTIVITY-MONITORING-SYSTEM_STM32F4/STM32F407/chip_header/CMSIS/Include" -O0 -ffunction-sections -fdata-sections -Wall -fstack-usage -fcyclomatic-complexity -MMD -MP -MF"Src/delayms.d" -MT"Src/delayms.o" --specs=nano.specs -mfpu=fpv4-sp-d16 -mfloat-abi=hard -mthumb -o "Src/delayms.o"
arm-none-eabi-gcc "../Src/main.c" -mcpu=cortex-m4 -std=gnu11 -g3 -DDEBUG -DSTM32 -DSTM32F407G_DISC1 -DSTM32F4 -DSTM32F407VGTx -DSTM32F407xx -DARM_MATH_CM4 -c -I../Inc -I"D:/Project/MUSCULAR ACTIVITY MONITORING SYSTEM/MUSCULAR-ACTIVITY-MONITORING-SYSTEM_STM32F4/STM32F407/chip_header/CMSIS/Device/ST/STM32F4xx/Include" -I"D:/Project/MUSCULAR ACTIVITY MONITORING SYSTEM/MUSCULAR-ACTIVITY-MONITORING-SYSTEM_STM32F4/STM32F407/chip_header/CMSIS/DSP/Include" -I"D:/Project/MUSCULAR ACTIVITY MONITORING SYSTEM/MUSCULAR-ACTIVITY-MONITORING-SYSTEM_STM32F4/STM32F407/chip_header/CMSIS/Include" -O0 -ffunction-sections -fdata-sections -Wall -fstack-usage -fcyclomatic-complexity -MMD -MP -MF"Src/main.d" -MT"Src/main.o" --specs=nano.specs -mfpu=fpv4-sp-d16 -mfloat-abi=hard -mthumb -o "Src/main.o"
arm-none-eabi-gcc "../Src/sdcard_spi.c" -mcpu=cortex-m4 -std=gnu11 -g3 -DDEBUG -DSTM32 -DSTM32F407G_DISC1 -DSTM32F4 -DSTM32F407VGTx -DSTM32F407xx -DARM_MATH_CM4 -c -I../Inc -I"D:/Project/MUSCULAR ACTIVITY MONITORING SYSTEM/MUSCULAR-ACTIVITY-MONITORING-SYSTEM_STM32F4/STM32F407/chip_header/CMSIS/Device/ST/STM32F4xx/Include" -I"D:/Project/MUSCULAR ACTIVITY MONITORING SYSTEM/MUSCULAR-ACTIVITY-MONITORING-SYSTEM_STM32F4/STM32F407/chip_header/CMSIS/DSP/Include" -I"D:/Project/MUSCULAR ACTIVITY MONITORING SYSTEM/MUSCULAR-ACTIVITY-MONITORING-SYSTEM_STM32F4/STM32F407/chip_header/CMSIS/Include" -O0 -ffunction-sections -fdata-sections -Wall -fstack-usage -fcyclomatic-complexity -MMD -MP -MF"Src/sdcard_spi.d" -MT"Src/sdcard_spi.o" --specs=nano.specs -mfpu=fpv4-sp-d16 -mfloat-abi=hard -mthumb -o "Src/sdcard_spi.o"
arm-none-eabi-gcc "../Src/signal_pros.c" -mcpu=cortex-m4 -std=gnu11 -g3 -DDEBUG -DSTM32 -DSTM32F407G_DISC1 -DSTM32F4 -DSTM32F407VGTx -DSTM32F407xx -DARM_MATH_CM4 -c -I../Inc -I"D:/Project/MUSCULAR ACTIVITY MONITORING SYSTEM/MUSCULAR-ACTIVITY-MONITORING-SYSTEM_STM32F4/STM32F407/chip_header/CMSIS/Device/ST/STM32F4xx/Include" -I"D:/Project/MUSCULAR ACTIVITY MONITORING SYSTEM/MUSCULAR-ACTIVITY-MONITORING-SYSTEM_STM32F4/STM32F407/chip_header/CMSIS/DSP/Include" -I"D:/Project/MUSCULAR ACTIVITY MONITORING SYSTEM/MUSCULAR-ACTIVITY-MONITORING-SYSTEM_STM32F4/STM32F407/chip_header/CMSIS/Include" -O0 -ffunction-sections -fdata-sections -Wall -fstack-usage -fcyclomatic-complexity -MMD -MP -MF"Src/signal_pros.d" -MT"Src/signal_pros.o" --specs=nano.specs -mfpu=fpv4-sp-d16 -mfloat-abi=hard -mthumb -o "Src/signal_pros.o"
arm-none-eabi-gcc "../Src/switch.c" -mcpu=cortex-m4 -std=gnu11 -g3 -DDEBUG -DSTM32 -DSTM32F407G_DISC1 -DSTM32F4 -DSTM32F407VGTx -DSTM32F407xx -DARM_MATH_CM4 -c -I../Inc -I"D:/Project/MUSCULAR ACTIVITY MONITORING SYSTEM/MUSCULAR-ACTIVITY-MONITORING-SYSTEM_STM32F4/STM32F407/chip_header/CMSIS/Device/ST/STM32F4xx/Include" -I"D:/Project/MUSCULAR ACTIVITY MONITORING SYSTEM/MUSCULAR-ACTIVITY-MONITORING-SYSTEM_STM32F4/STM32F407/chip_header/CMSIS/DSP/Include" -I"D:/Project/MUSCULAR ACTIVITY MONITORING SYSTEM/MUSCULAR-ACTIVITY-MONITORING-SYSTEM_STM32F4/STM32F407/chip_header/CMSIS/Include" -O0 -ffunction-sections -fdata-sections -Wall -fstack-usage -fcyclomatic-complexity -MMD -MP -MF"Src/switch.d" -MT"Src/switch.o" --specs=nano.specs -mfpu=fpv4-sp-d16 -mfloat-abi=hard -mthumb -o "Src/switch.o"
arm-none-eabi-gcc -o "MAIN.elf" @"objects.list"   -mcpu=cortex-m4 -T"D:\Project\MUSCULAR ACTIVITY MONITORING SYSTEM\MUSCULAR-ACTIVITY-MONITORING-SYSTEM_STM32F4\STM32F407\MAIN\STM32F407VGTX_FLASH.ld" --specs=nosys.specs -Wl,-Map="MAIN.map" -Wl,--gc-sections -static --specs=nano.specs -mfpu=fpv4-sp-d16 -mfloat-abi=hard -mthumb -Wl,--start-group -lc -lm -Wl,--end-group
Finished building target: MAIN.elf
 
arm-none-eabi-size  MAIN.elf 
arm-none-eabi-objdump -h -S MAIN.elf  > "MAIN.list"
   text	   data	    bss	    dec	    hex	filename
   1464	      8	   1576	   3048	    be8	MAIN.elf
Finished building: default.size.stdout
 
Finished building: MAIN.list
 
