22:53:24 **** Incremental Build of configuration Debug for project MAIN ****
make -j12 all 
arm-none-eabi-size  MAIN.elf 
   text	   data	    bss	    dec	    hex	filename
  25056	    712	   2200	  27968	   6d40	MAIN.elf
Finished building: default.size.stdout
 
22:55:20 **** Incremental Build of configuration Debug for project MAIN ****
make -j12 all 
arm-none-eabi-size  MAIN.elf 
   text	   data	    bss	    dec	    hex	filename
  25056	    712	   2200	  27968	   6d40	MAIN.elf
Finished building: default.size.stdout
 
