23:52:03 **** Build of configuration Debug for project MAIN ****
make -j12 all 
arm-none-eabi-gcc -mcpu=cortex-m4 -g3 -DDEBUG -DARM_MATH_CM4 -DSTM32F407xx -D__FPU_PRESENT -c -x assembler-with-cpp -MMD -MP -MF"Startup/startup_stm32f407vgtx.d" -MT"Startup/startup_stm32f407vgtx.o" --specs=nano.specs -mfpu=fpv4-sp-d16 -mfloat-abi=hard -mthumb -o "Startup/startup_stm32f407vgtx.o" "../Startup/startup_stm32f407vgtx.s"
arm-none-eabi-gcc "../Src/adc.c" -mcpu=cortex-m4 -std=gnu11 -g3 -DDEBUG -DSTM32 -DSTM32F407G_DISC1 -DSTM32F4 -DSTM32F407VGTx -DARM_MATH_CM4 -DSTM32F407xx -c -I"D:/PROJECTS/Git/MUSCULAR-ACTIVITY-MONITORING-SYSTEM_STM32F4/STM32F407/MAIN/chip_headers/Drivers/CMSIS/DSP/PrivateInclude" -I../Inc -I"D:/PROJECTS/Git/MUSCULAR-ACTIVITY-MONITORING-SYSTEM_STM32F4/STM32F407/MAIN/chip_headers/Drivers/CMSIS/Device/ST/STM32F4xx/Include" -I"D:/PROJECTS/Git/MUSCULAR-ACTIVITY-MONITORING-SYSTEM_STM32F4/STM32F407/MAIN/chip_headers/Drivers/CMSIS/Include" -I"D:/PROJECTS/Git/MUSCULAR-ACTIVITY-MONITORING-SYSTEM_STM32F4/STM32F407/MAIN/chip_headers/Drivers/CMSIS/DSP/Include" -O0 -ffunction-sections -fdata-sections -Wall -fstack-usage -fcyclomatic-complexity -MMD -MP -MF"Src/adc.d" -MT"Src/adc.o" --specs=nano.specs -mfpu=fpv4-sp-d16 -mfloat-abi=hard -mthumb -o "Src/adc.o"
arm-none-eabi-gcc "../Src/clock.c" -mcpu=cortex-m4 -std=gnu11 -g3 -DDEBUG -DSTM32 -DSTM32F407G_DISC1 -DSTM32F4 -DSTM32F407VGTx -DARM_MATH_CM4 -DSTM32F407xx -c -I"D:/PROJECTS/Git/MUSCULAR-ACTIVITY-MONITORING-SYSTEM_STM32F4/STM32F407/MAIN/chip_headers/Drivers/CMSIS/DSP/PrivateInclude" -I../Inc -I"D:/PROJECTS/Git/MUSCULAR-ACTIVITY-MONITORING-SYSTEM_STM32F4/STM32F407/MAIN/chip_headers/Drivers/CMSIS/Device/ST/STM32F4xx/Include" -I"D:/PROJECTS/Git/MUSCULAR-ACTIVITY-MONITORING-SYSTEM_STM32F4/STM32F407/MAIN/chip_headers/Drivers/CMSIS/Include" -I"D:/PROJECTS/Git/MUSCULAR-ACTIVITY-MONITORING-SYSTEM_STM32F4/STM32F407/MAIN/chip_headers/Drivers/CMSIS/DSP/Include" -O0 -ffunction-sections -fdata-sections -Wall -fstack-usage -fcyclomatic-complexity -MMD -MP -MF"Src/clock.d" -MT"Src/clock.o" --specs=nano.specs -mfpu=fpv4-sp-d16 -mfloat-abi=hard -mthumb -o "Src/clock.o"
arm-none-eabi-gcc "../Src/delayms.c" -mcpu=cortex-m4 -std=gnu11 -g3 -DDEBUG -DSTM32 -DSTM32F407G_DISC1 -DSTM32F4 -DSTM32F407VGTx -DARM_MATH_CM4 -DSTM32F407xx -c -I"D:/PROJECTS/Git/MUSCULAR-ACTIVITY-MONITORING-SYSTEM_STM32F4/STM32F407/MAIN/chip_headers/Drivers/CMSIS/DSP/PrivateInclude" -I../Inc -I"D:/PROJECTS/Git/MUSCULAR-ACTIVITY-MONITORING-SYSTEM_STM32F4/STM32F407/MAIN/chip_headers/Drivers/CMSIS/Device/ST/STM32F4xx/Include" -I"D:/PROJECTS/Git/MUSCULAR-ACTIVITY-MONITORING-SYSTEM_STM32F4/STM32F407/MAIN/chip_headers/Drivers/CMSIS/Include" -I"D:/PROJECTS/Git/MUSCULAR-ACTIVITY-MONITORING-SYSTEM_STM32F4/STM32F407/MAIN/chip_headers/Drivers/CMSIS/DSP/Include" -O0 -ffunction-sections -fdata-sections -Wall -fstack-usage -fcyclomatic-complexity -MMD -MP -MF"Src/delayms.d" -MT"Src/delayms.o" --specs=nano.specs -mfpu=fpv4-sp-d16 -mfloat-abi=hard -mthumb -o "Src/delayms.o"
arm-none-eabi-gcc "../Src/fifo.c" -mcpu=cortex-m4 -std=gnu11 -g3 -DDEBUG -DSTM32 -DSTM32F407G_DISC1 -DSTM32F4 -DSTM32F407VGTx -DARM_MATH_CM4 -DSTM32F407xx -c -I"D:/PROJECTS/Git/MUSCULAR-ACTIVITY-MONITORING-SYSTEM_STM32F4/STM32F407/MAIN/chip_headers/Drivers/CMSIS/DSP/PrivateInclude" -I../Inc -I"D:/PROJECTS/Git/MUSCULAR-ACTIVITY-MONITORING-SYSTEM_STM32F4/STM32F407/MAIN/chip_headers/Drivers/CMSIS/Device/ST/STM32F4xx/Include" -I"D:/PROJECTS/Git/MUSCULAR-ACTIVITY-MONITORING-SYSTEM_STM32F4/STM32F407/MAIN/chip_headers/Drivers/CMSIS/Include" -I"D:/PROJECTS/Git/MUSCULAR-ACTIVITY-MONITORING-SYSTEM_STM32F4/STM32F407/MAIN/chip_headers/Drivers/CMSIS/DSP/Include" -O0 -ffunction-sections -fdata-sections -Wall -fstack-usage -fcyclomatic-complexity -MMD -MP -MF"Src/fifo.d" -MT"Src/fifo.o" --specs=nano.specs -mfpu=fpv4-sp-d16 -mfloat-abi=hard -mthumb -o "Src/fifo.o"
arm-none-eabi-gcc "../Src/main.c" -mcpu=cortex-m4 -std=gnu11 -g3 -DDEBUG -DSTM32 -DSTM32F407G_DISC1 -DSTM32F4 -DSTM32F407VGTx -DARM_MATH_CM4 -DSTM32F407xx -c -I"D:/PROJECTS/Git/MUSCULAR-ACTIVITY-MONITORING-SYSTEM_STM32F4/STM32F407/MAIN/chip_headers/Drivers/CMSIS/DSP/PrivateInclude" -I../Inc -I"D:/PROJECTS/Git/MUSCULAR-ACTIVITY-MONITORING-SYSTEM_STM32F4/STM32F407/MAIN/chip_headers/Drivers/CMSIS/Device/ST/STM32F4xx/Include" -I"D:/PROJECTS/Git/MUSCULAR-ACTIVITY-MONITORING-SYSTEM_STM32F4/STM32F407/MAIN/chip_headers/Drivers/CMSIS/Include" -I"D:/PROJECTS/Git/MUSCULAR-ACTIVITY-MONITORING-SYSTEM_STM32F4/STM32F407/MAIN/chip_headers/Drivers/CMSIS/DSP/Include" -O0 -ffunction-sections -fdata-sections -Wall -fstack-usage -fcyclomatic-complexity -MMD -MP -MF"Src/main.d" -MT"Src/main.o" --specs=nano.specs -mfpu=fpv4-sp-d16 -mfloat-abi=hard -mthumb -o "Src/main.o"
arm-none-eabi-gcc "../Src/signal_pros.c" -mcpu=cortex-m4 -std=gnu11 -g3 -DDEBUG -DSTM32 -DSTM32F407G_DISC1 -DSTM32F4 -DSTM32F407VGTx -DARM_MATH_CM4 -DSTM32F407xx -c -I"D:/PROJECTS/Git/MUSCULAR-ACTIVITY-MONITORING-SYSTEM_STM32F4/STM32F407/MAIN/chip_headers/Drivers/CMSIS/DSP/PrivateInclude" -I../Inc -I"D:/PROJECTS/Git/MUSCULAR-ACTIVITY-MONITORING-SYSTEM_STM32F4/STM32F407/MAIN/chip_headers/Drivers/CMSIS/Device/ST/STM32F4xx/Include" -I"D:/PROJECTS/Git/MUSCULAR-ACTIVITY-MONITORING-SYSTEM_STM32F4/STM32F407/MAIN/chip_headers/Drivers/CMSIS/Include" -I"D:/PROJECTS/Git/MUSCULAR-ACTIVITY-MONITORING-SYSTEM_STM32F4/STM32F407/MAIN/chip_headers/Drivers/CMSIS/DSP/Include" -O0 -ffunction-sections -fdata-sections -Wall -fstack-usage -fcyclomatic-complexity -MMD -MP -MF"Src/signal_pros.d" -MT"Src/signal_pros.o" --specs=nano.specs -mfpu=fpv4-sp-d16 -mfloat-abi=hard -mthumb -o "Src/signal_pros.o"
arm-none-eabi-gcc "../Src/syscalls.c" -mcpu=cortex-m4 -std=gnu11 -g3 -DDEBUG -DSTM32 -DSTM32F407G_DISC1 -DSTM32F4 -DSTM32F407VGTx -DARM_MATH_CM4 -DSTM32F407xx -c -I"D:/PROJECTS/Git/MUSCULAR-ACTIVITY-MONITORING-SYSTEM_STM32F4/STM32F407/MAIN/chip_headers/Drivers/CMSIS/DSP/PrivateInclude" -I../Inc -I"D:/PROJECTS/Git/MUSCULAR-ACTIVITY-MONITORING-SYSTEM_STM32F4/STM32F407/MAIN/chip_headers/Drivers/CMSIS/Device/ST/STM32F4xx/Include" -I"D:/PROJECTS/Git/MUSCULAR-ACTIVITY-MONITORING-SYSTEM_STM32F4/STM32F407/MAIN/chip_headers/Drivers/CMSIS/Include" -I"D:/PROJECTS/Git/MUSCULAR-ACTIVITY-MONITORING-SYSTEM_STM32F4/STM32F407/MAIN/chip_headers/Drivers/CMSIS/DSP/Include" -O0 -ffunction-sections -fdata-sections -Wall -fstack-usage -fcyclomatic-complexity -MMD -MP -MF"Src/syscalls.d" -MT"Src/syscalls.o" --specs=nano.specs -mfpu=fpv4-sp-d16 -mfloat-abi=hard -mthumb -o "Src/syscalls.o"
arm-none-eabi-gcc "../Src/sysmem.c" -mcpu=cortex-m4 -std=gnu11 -g3 -DDEBUG -DSTM32 -DSTM32F407G_DISC1 -DSTM32F4 -DSTM32F407VGTx -DARM_MATH_CM4 -DSTM32F407xx -c -I"D:/PROJECTS/Git/MUSCULAR-ACTIVITY-MONITORING-SYSTEM_STM32F4/STM32F407/MAIN/chip_headers/Drivers/CMSIS/DSP/PrivateInclude" -I../Inc -I"D:/PROJECTS/Git/MUSCULAR-ACTIVITY-MONITORING-SYSTEM_STM32F4/STM32F407/MAIN/chip_headers/Drivers/CMSIS/Device/ST/STM32F4xx/Include" -I"D:/PROJECTS/Git/MUSCULAR-ACTIVITY-MONITORING-SYSTEM_STM32F4/STM32F407/MAIN/chip_headers/Drivers/CMSIS/Include" -I"D:/PROJECTS/Git/MUSCULAR-ACTIVITY-MONITORING-SYSTEM_STM32F4/STM32F407/MAIN/chip_headers/Drivers/CMSIS/DSP/Include" -O0 -ffunction-sections -fdata-sections -Wall -fstack-usage -fcyclomatic-complexity -MMD -MP -MF"Src/sysmem.d" -MT"Src/sysmem.o" --specs=nano.specs -mfpu=fpv4-sp-d16 -mfloat-abi=hard -mthumb -o "Src/sysmem.o"
arm-none-eabi-gcc "../Src/uart2.c" -mcpu=cortex-m4 -std=gnu11 -g3 -DDEBUG -DSTM32 -DSTM32F407G_DISC1 -DSTM32F4 -DSTM32F407VGTx -DARM_MATH_CM4 -DSTM32F407xx -c -I"D:/PROJECTS/Git/MUSCULAR-ACTIVITY-MONITORING-SYSTEM_STM32F4/STM32F407/MAIN/chip_headers/Drivers/CMSIS/DSP/PrivateInclude" -I../Inc -I"D:/PROJECTS/Git/MUSCULAR-ACTIVITY-MONITORING-SYSTEM_STM32F4/STM32F407/MAIN/chip_headers/Drivers/CMSIS/Device/ST/STM32F4xx/Include" -I"D:/PROJECTS/Git/MUSCULAR-ACTIVITY-MONITORING-SYSTEM_STM32F4/STM32F407/MAIN/chip_headers/Drivers/CMSIS/Include" -I"D:/PROJECTS/Git/MUSCULAR-ACTIVITY-MONITORING-SYSTEM_STM32F4/STM32F407/MAIN/chip_headers/Drivers/CMSIS/DSP/Include" -O0 -ffunction-sections -fdata-sections -Wall -fstack-usage -fcyclomatic-complexity -MMD -MP -MF"Src/uart2.d" -MT"Src/uart2.o" --specs=nano.specs -mfpu=fpv4-sp-d16 -mfloat-abi=hard -mthumb -o "Src/uart2.o"
arm-none-eabi-gcc -o "MAIN.elf" @"objects.list"   -mcpu=cortex-m4 -T"D:\PROJECTS\Git\MUSCULAR-ACTIVITY-MONITORING-SYSTEM_STM32F4\STM32F407\MAIN\STM32F407VGTX_FLASH.ld" --specs=nosys.specs -Wl,-Map="MAIN.map" -Wl,--gc-sections -static --specs=nano.specs -mfpu=fpv4-sp-d16 -mfloat-abi=hard -mthumb -u _printf_float -u _scanf_float -Wl,--start-group -lc -lm -Wl,--end-group
Finished building target: MAIN.elf
 
arm-none-eabi-size  MAIN.elf 
arm-none-eabi-objdump -h -S MAIN.elf  > "MAIN.list"
   text	   data	    bss	    dec	    hex	filename
  24156	    456	   1960	  26572	   67cc	MAIN.elf
Finished building: default.size.stdout
 
Finished building: MAIN.list
 

23:52:05 Build Finished. 0 errors, 0 warnings. (took 1s.818ms)

