18:05:20 **** Incremental Build of configuration Debug for project MAIN ****
make -j12 all 
arm-none-eabi-gcc "../Src/main.c" -mcpu=cortex-m4 -std=gnu11 -g3 -DDEBUG -DSTM32 -DSTM32F407G_DISC1 -DSTM32F4 -DSTM32F407VGTx -DSTM32F407xx -c -I../Inc -I"D:/Project/MUSCULAR ACTIVITY MONITORING SYSTEM/MUSCULAR-ACTIVITY-MONITORING-SYSTEM_STM32F4/chip_header/CMSIS/Device/ST/STM32F4xx/Include" -I"D:/Project/MUSCULAR ACTIVITY MONITORING SYSTEM/MUSCULAR-ACTIVITY-MONITORING-SYSTEM_STM32F4/chip_header/CMSIS/Include" -O0 -ffunction-sections -fdata-sections -Wall -fstack-usage -fcyclomatic-complexity -MMD -MP -MF"Src/main.d" -MT"Src/main.o" --specs=nano.specs -mfloat-abi=soft -mthumb -o "Src/main.o"
arm-none-eabi-gcc -o "MAIN.elf" @"objects.list"   -mcpu=cortex-m4 -T"D:\Project\MUSCULAR ACTIVITY MONITORING SYSTEM\MUSCULAR-ACTIVITY-MONITORING-SYSTEM_STM32F4\MAIN\STM32F407VGTX_FLASH.ld" --specs=nosys.specs -Wl,-Map="MAIN.map" -Wl,--gc-sections -static --specs=nano.specs -mfloat-abi=soft -mthumb -Wl,--start-group -lc -lm -Wl,--end-group
Finished building target: MAIN.elf
 
arm-none-eabi-size  MAIN.elf 
arm-none-eabi-objdump -h -S MAIN.elf  > "MAIN.list"
   text	   data	    bss	    dec	    hex	filename
    972	      8	   1568	   2548	    9f4	MAIN.elf
Finished building: default.size.stdout
 
Finished building: MAIN.list
 
18:05:25 **** Incremental Build of configuration Debug for project MAIN ****
make -j12 all 
arm-none-eabi-size  MAIN.elf 
   text	   data	    bss	    dec	    hex	filename
    972	      8	   1568	   2548	    9f4	MAIN.elf
Finished building: default.size.stdout
 
18:06:29 **** Incremental Build of configuration Debug for project MAIN ****
make -j12 all 
arm-none-eabi-size  MAIN.elf 
   text	   data	    bss	    dec	    hex	filename
    972	      8	   1568	   2548	    9f4	MAIN.elf
Finished building: default.size.stdout
 
18:07:51 **** Incremental Build of configuration Debug for project MAIN ****
make -j12 all 
arm-none-eabi-gcc "../Src/main.c" -mcpu=cortex-m4 -std=gnu11 -g3 -DDEBUG -DSTM32 -DSTM32F407G_DISC1 -DSTM32F4 -DSTM32F407VGTx -DSTM32F407xx -c -I../Inc -I"D:/Project/MUSCULAR ACTIVITY MONITORING SYSTEM/MUSCULAR-ACTIVITY-MONITORING-SYSTEM_STM32F4/chip_header/CMSIS/Device/ST/STM32F4xx/Include" -I"D:/Project/MUSCULAR ACTIVITY MONITORING SYSTEM/MUSCULAR-ACTIVITY-MONITORING-SYSTEM_STM32F4/chip_header/CMSIS/Include" -O0 -ffunction-sections -fdata-sections -Wall -fstack-usage -fcyclomatic-complexity -MMD -MP -MF"Src/main.d" -MT"Src/main.o" --specs=nano.specs -mfloat-abi=soft -mthumb -o "Src/main.o"
arm-none-eabi-gcc -o "MAIN.elf" @"objects.list"   -mcpu=cortex-m4 -T"D:\Project\MUSCULAR ACTIVITY MONITORING SYSTEM\MUSCULAR-ACTIVITY-MONITORING-SYSTEM_STM32F4\MAIN\STM32F407VGTX_FLASH.ld" --specs=nosys.specs -Wl,-Map="MAIN.map" -Wl,--gc-sections -static --specs=nano.specs -mfloat-abi=soft -mthumb -Wl,--start-group -lc -lm -Wl,--end-group
Finished building target: MAIN.elf
 
arm-none-eabi-size  MAIN.elf 
arm-none-eabi-objdump -h -S MAIN.elf  > "MAIN.list"
   text	   data	    bss	    dec	    hex	filename
    920	      8	   1568	   2496	    9c0	MAIN.elf
Finished building: default.size.stdout
 
Finished building: MAIN.list
 
18:09:36 **** Incremental Build of configuration Debug for project MAIN ****
make -j12 all 
arm-none-eabi-size  MAIN.elf 
   text	   data	    bss	    dec	    hex	filename
    920	      8	   1568	   2496	    9c0	MAIN.elf
Finished building: default.size.stdout
 
18:10:13 **** Incremental Build of configuration Debug for project MAIN ****
make -j12 all 
arm-none-eabi-size  MAIN.elf 
   text	   data	    bss	    dec	    hex	filename
    920	      8	   1568	   2496	    9c0	MAIN.elf
Finished building: default.size.stdout
 
