22:47:28 **** Build of configuration Debug for project MAIN ****
make -j12 all 
arm-none-eabi-gcc -mcpu=cortex-m4 -g3 -DDEBUG -c -x assembler-with-cpp -MMD -MP -MF"Startup/startup_stm32f407vgtx.d" -MT"Startup/startup_stm32f407vgtx.o" --specs=nano.specs -mfpu=fpv4-sp-d16 -mfloat-abi=hard -mthumb -o "Startup/startup_stm32f407vgtx.o" "../Startup/startup_stm32f407vgtx.s"
arm-none-eabi-gcc "../Src/adc.c" -mcpu=cortex-m4 -std=gnu11 -g3 -DDEBUG -DSTM32 -DSTM32F407G_DISC1 -DSTM32F4 -DSTM32F407VGTx -DSTM32F407xx -c -I../Inc -I"D:/Project/MUSCULAR ACTIVITY MONITORING SYSTEM/MUSCULAR-ACTIVITY-MONITORING-SYSTEM_STM32F4/chip_header/CMSIS/Device/ST/STM32F4xx/Include" -I"D:/Project/MUSCULAR ACTIVITY MONITORING SYSTEM/MUSCULAR-ACTIVITY-MONITORING-SYSTEM_STM32F4/chip_header/CMSIS/Include" -O0 -ffunction-sections -fdata-sections -Wall -fstack-usage -fcyclomatic-complexity -MMD -MP -MF"Src/adc.d" -MT"Src/adc.o" --specs=nano.specs -mfpu=fpv4-sp-d16 -mfloat-abi=hard -mthumb -o "Src/adc.o"
arm-none-eabi-gcc "../Src/delayms.c" -mcpu=cortex-m4 -std=gnu11 -g3 -DDEBUG -DSTM32 -DSTM32F407G_DISC1 -DSTM32F4 -DSTM32F407VGTx -DSTM32F407xx -c -I../Inc -I"D:/Project/MUSCULAR ACTIVITY MONITORING SYSTEM/MUSCULAR-ACTIVITY-MONITORING-SYSTEM_STM32F4/chip_header/CMSIS/Device/ST/STM32F4xx/Include" -I"D:/Project/MUSCULAR ACTIVITY MONITORING SYSTEM/MUSCULAR-ACTIVITY-MONITORING-SYSTEM_STM32F4/chip_header/CMSIS/Include" -O0 -ffunction-sections -fdata-sections -Wall -fstack-usage -fcyclomatic-complexity -MMD -MP -MF"Src/delayms.d" -MT"Src/delayms.o" --specs=nano.specs -mfpu=fpv4-sp-d16 -mfloat-abi=hard -mthumb -o "Src/delayms.o"
arm-none-eabi-gcc "../Src/main.c" -mcpu=cortex-m4 -std=gnu11 -g3 -DDEBUG -DSTM32 -DSTM32F407G_DISC1 -DSTM32F4 -DSTM32F407VGTx -DSTM32F407xx -c -I../Inc -I"D:/Project/MUSCULAR ACTIVITY MONITORING SYSTEM/MUSCULAR-ACTIVITY-MONITORING-SYSTEM_STM32F4/chip_header/CMSIS/Device/ST/STM32F4xx/Include" -I"D:/Project/MUSCULAR ACTIVITY MONITORING SYSTEM/MUSCULAR-ACTIVITY-MONITORING-SYSTEM_STM32F4/chip_header/CMSIS/Include" -O0 -ffunction-sections -fdata-sections -Wall -fstack-usage -fcyclomatic-complexity -MMD -MP -MF"Src/main.d" -MT"Src/main.o" --specs=nano.specs -mfpu=fpv4-sp-d16 -mfloat-abi=hard -mthumb -o "Src/main.o"
arm-none-eabi-gcc "../Src/switch.c" -mcpu=cortex-m4 -std=gnu11 -g3 -DDEBUG -DSTM32 -DSTM32F407G_DISC1 -DSTM32F4 -DSTM32F407VGTx -DSTM32F407xx -c -I../Inc -I"D:/Project/MUSCULAR ACTIVITY MONITORING SYSTEM/MUSCULAR-ACTIVITY-MONITORING-SYSTEM_STM32F4/chip_header/CMSIS/Device/ST/STM32F4xx/Include" -I"D:/Project/MUSCULAR ACTIVITY MONITORING SYSTEM/MUSCULAR-ACTIVITY-MONITORING-SYSTEM_STM32F4/chip_header/CMSIS/Include" -O0 -ffunction-sections -fdata-sections -Wall -fstack-usage -fcyclomatic-complexity -MMD -MP -MF"Src/switch.d" -MT"Src/switch.o" --specs=nano.specs -mfpu=fpv4-sp-d16 -mfloat-abi=hard -mthumb -o "Src/switch.o"
arm-none-eabi-gcc "../Src/syscalls.c" -mcpu=cortex-m4 -std=gnu11 -g3 -DDEBUG -DSTM32 -DSTM32F407G_DISC1 -DSTM32F4 -DSTM32F407VGTx -DSTM32F407xx -c -I../Inc -I"D:/Project/MUSCULAR ACTIVITY MONITORING SYSTEM/MUSCULAR-ACTIVITY-MONITORING-SYSTEM_STM32F4/chip_header/CMSIS/Device/ST/STM32F4xx/Include" -I"D:/Project/MUSCULAR ACTIVITY MONITORING SYSTEM/MUSCULAR-ACTIVITY-MONITORING-SYSTEM_STM32F4/chip_header/CMSIS/Include" -O0 -ffunction-sections -fdata-sections -Wall -fstack-usage -fcyclomatic-complexity -MMD -MP -MF"Src/syscalls.d" -MT"Src/syscalls.o" --specs=nano.specs -mfpu=fpv4-sp-d16 -mfloat-abi=hard -mthumb -o "Src/syscalls.o"
arm-none-eabi-gcc "../Src/sysmem.c" -mcpu=cortex-m4 -std=gnu11 -g3 -DDEBUG -DSTM32 -DSTM32F407G_DISC1 -DSTM32F4 -DSTM32F407VGTx -DSTM32F407xx -c -I../Inc -I"D:/Project/MUSCULAR ACTIVITY MONITORING SYSTEM/MUSCULAR-ACTIVITY-MONITORING-SYSTEM_STM32F4/chip_header/CMSIS/Device/ST/STM32F4xx/Include" -I"D:/Project/MUSCULAR ACTIVITY MONITORING SYSTEM/MUSCULAR-ACTIVITY-MONITORING-SYSTEM_STM32F4/chip_header/CMSIS/Include" -O0 -ffunction-sections -fdata-sections -Wall -fstack-usage -fcyclomatic-complexity -MMD -MP -MF"Src/sysmem.d" -MT"Src/sysmem.o" --specs=nano.specs -mfpu=fpv4-sp-d16 -mfloat-abi=hard -mthumb -o "Src/sysmem.o"
arm-none-eabi-gcc -o "MAIN.elf" @"objects.list"   -mcpu=cortex-m4 -T"D:\Project\MUSCULAR ACTIVITY MONITORING SYSTEM\MUSCULAR-ACTIVITY-MONITORING-SYSTEM_STM32F4\MAIN\STM32F407VGTX_FLASH.ld" --specs=nosys.specs -Wl,-Map="MAIN.map" -Wl,--gc-sections -static --specs=nano.specs -mfpu=fpv4-sp-d16 -mfloat-abi=hard -mthumb -Wl,--start-group -lc -lm -Wl,--end-group
Finished building target: MAIN.elf
 
arm-none-eabi-size  MAIN.elf 
arm-none-eabi-objdump -h -S MAIN.elf  > "MAIN.list"
   text	   data	    bss	    dec	    hex	filename
   1032	      8	   1568	   2608	    a30	MAIN.elf
Finished building: default.size.stdout
 
Finished building: MAIN.list
 
